%if $AC_CF_USE_REMOTE_CONTROL
com.alticast.rop.remotecontrol.NullRemoteControlEvent
com.alticast.rop.remotecontrol.RemoteControlInit
com.alticast.rop.remotecontrol.RemoteControlInterfaceImpl

com.kt.remotecontrol.EntryPoint
com.kt.remotecontrol.WorkingConfig
com.kt.remotecontrol.RemoteControlAgent
com.kt.remotecontrol.http.HttpRequest
com.kt.remotecontrol.http.NanoHTTPD
com.kt.remotecontrol.http.URLConnectionProxy
com.kt.remotecontrol.http.dalvik.URLConnectionByDalvikVM
com.kt.remotecontrol.http.jvm.URLConnectionByJVM
com.kt.remotecontrol.interlock.ProxyManager
com.kt.remotecontrol.interlock.app.AppStore
com.kt.remotecontrol.interlock.app.HomePortal
com.kt.remotecontrol.interlock.app.Kidscare
com.kt.remotecontrol.interlock.app.Observer
com.kt.remotecontrol.interlock.mw.EventGenerator
com.kt.remotecontrol.interlock.nav.AppHandler
com.kt.remotecontrol.interlock.nav.ChannelHandler
com.kt.remotecontrol.interlock.nav.KeyHandler
com.kt.remotecontrol.interlock.nav.NavHandlers
com.kt.remotecontrol.interlock.nav.Navigator
com.kt.remotecontrol.interlock.nav.OtherHandler
com.kt.remotecontrol.interlock.nav.StateHandler
com.kt.remotecontrol.interlock.nav.web.AndroidControl
com.kt.remotecontrol.interlock.nav.web.ChannelControl
com.kt.remotecontrol.interlock.nav.web.KeyControl
com.kt.remotecontrol.interlock.nav.web.OtherControl
com.kt.remotecontrol.interlock.nav.web.StateControl
com.kt.remotecontrol.interlock.nav.web.WebAppControl
com.kt.remotecontrol.interlock.nav.web.WebControl
com.kt.remotecontrol.interlock.server.amoc.AMOC
com.kt.remotecontrol.interlock.server.hds.BasicResponse
com.kt.remotecontrol.interlock.server.hds.HDS
com.kt.remotecontrol.interlock.server.hds.HDSResponse
com.kt.remotecontrol.interlock.server.hds.HDSTokenResponse
com.kt.remotecontrol.interlock.server.hds.LogonResponse
com.kt.remotecontrol.interlock.server.kakao.Emoticon
com.kt.remotecontrol.interlock.server.kakao.Kakao
com.kt.remotecontrol.interlock.spec.NullableSIRetrieval
com.kt.remotecontrol.interlock.spec.ServiceSIRetrieval
com.kt.remotecontrol.interlock.spec.SIRetrieval
com.kt.remotecontrol.manager.ConfigManager
com.kt.remotecontrol.manager.PopupManager
com.kt.remotecontrol.manager.PropertiesManager
com.kt.remotecontrol.manager.ReserveManager
com.kt.remotecontrol.manager.ServerManager
com.kt.remotecontrol.manager.ServiceChangeManager
com.kt.remotecontrol.manager.StatusManager
com.kt.remotecontrol.model.ChangeThread
com.kt.remotecontrol.model.NotifySetup
com.kt.remotecontrol.model.Response
com.kt.remotecontrol.model.TVStatus
com.kt.remotecontrol.model.WatchingStatus
com.kt.remotecontrol.model.WatchRecorder
com.kt.remotecontrol.service.Service
com.kt.remotecontrol.service.command.AISpeakerControlService
com.kt.remotecontrol.service.command.AISpeakerQueryService
com.kt.remotecontrol.service.command.CommandService
com.kt.remotecontrol.service.command.ConfigService
com.kt.remotecontrol.service.command.ControlService
com.kt.remotecontrol.service.command.EnvService
com.kt.remotecontrol.service.command.EtcService
com.kt.remotecontrol.service.command.QueryService
com.kt.remotecontrol.service.command.SSOService
com.kt.remotecontrol.service.mouse.MouseService
com.kt.remotecontrol.service.mouse.OTGController
com.kt.remotecontrol.service.request.RequestService
com.kt.remotecontrol.util.CharConstant
com.kt.remotecontrol.util.Constants
com.kt.remotecontrol.util.ErrorCode
com.kt.remotecontrol.util.KeyConstant
com.kt.remotecontrol.util.Log
com.kt.remotecontrol.util.MethodConstant
com.kt.remotecontrol.util.TimeConstant
com.kt.remotecontrol.util.Util
%endif

